Microsoft Windows [Version 10.0.10240]
(c) 2015 Microsoft Corporation. All rights reserved.

C:\Users\limistah>cd C:\Users\limistah\Desktop\TUNDE WORK

C:\Users\limistah\Desktop\TUNDE WORK>git
usage: git [--version] [--help] [-C <path>] [-c <name>=<value>]
           [--exec-path[=<path>]] [--html-path] [--man-path] [--info-path]
           [-p | --paginate | -P | --no-pager] [--no-replace-objects] [--bare]
           [--git-dir=<path>] [--work-tree=<path>] [--namespace=<name>]
           <command> [<args>]

These are common Git commands used in various situations:

start a working area (see also: git help tutorial)
   clone             Clone a repository into a new directory
   init              Create an empty Git repository or reinitialize an existing one

work on the current change (see also: git help everyday)
   add               Add file contents to the index
   mv                Move or rename a file, a directory, or a symlink
   restore           Restore working tree files
   rm                Remove files from the working tree and from the index
   sparse-checkout   Initialize and modify the sparse-checkout

examine the history and state (see also: git help revisions)
   bisect            Use binary search to find the commit that introduced a bug
   diff              Show changes between commits, commit and working tree, etc
   grep              Print lines matching a pattern
   log               Show commit logs
   show              Show various types of objects
   status            Show the working tree status

grow, mark and tweak your common history
   branch            List, create, or delete branches
   commit            Record changes to the repository
   merge             Join two or more development histories together
   rebase            Reapply commits on top of another base tip
   reset             Reset current HEAD to the specified state
   switch            Switch branches
   tag               Create, list, delete or verify a tag object signed with GPG

collaborate (see also: git help workflows)
   fetch             Download objects and refs from another repository
   pull              Fetch from and integrate with another repository or a local branch
   push              Update remote refs along with associated objects

'git help -a' and 'git help -g' list available subcommands and some
concept guides. See 'git help <command>' or 'git help <concept>'
to read about a specific subcommand or concept.
See 'git help git' for an overview of the system.

C:\Users\limistah\Desktop\TUNDE WORK>dir
 Volume in drive C is Windows
 Volume Serial Number is 1280-951E

 Directory of C:\Users\limistah\Desktop\TUNDE WORK

01/05/2021  10:07 AM    <DIR>          .
01/05/2021  10:07 AM    <DIR>          ..
01/06/2021  09:45 PM    <DIR>          css
01/06/2021  06:25 PM    <DIR>          images
01/06/2021  09:56 PM             4,897 index.html
12/14/2020  11:21 AM    <DIR>          node_modules
12/14/2020  11:21 AM           112,236 package-lock.json
12/30/2020  07:03 PM               437 package.json
12/11/2020  11:03 AM    <DIR>          packages
12/21/2020  08:25 PM    <DIR>          sass
               3 File(s)        117,570 bytes
               7 Dir(s)  151,700,324,352 bytes free

C:\Users\limistah\Desktop\TUNDE WORK>git init
Initialized empty Git repository in C:/Users/limistah/Desktop/TUNDE WORK/.git/

C:\Users\limistah\Desktop\TUNDE WORK>git push
fatal: No configured push destination.
Either specify the URL from the command-line or configure a remote repository using

    git remote add <name> <url>

and then push using the remote name

    git push <name>


C:\Users\limistah\Desktop\TUNDE WORK>git remote add origin https://github.com/tundeloper/Nature.git

C:\Users\limistah\Desktop\TUNDE WORK>git branch -M main

C:\Users\limistah\Desktop\TUNDE WORK>git push -u origin main
error: src refspec main does not match any
error: failed to push some refs to 'https://github.com/tundeloper/Nature.git'

C:\Users\limistah\Desktop\TUNDE WORK>git status
On branch main

No commits yet

Untracked files:
  (use "git add <file>..." to include in what will be committed)
        css/
        images/
        index.html
        node_modules/
        package-lock.json
        package.json
        sass/

nothing added to commit but untracked files present (use "git add" to track)

C:\Users\limistah\Desktop\TUNDE WORK>git add .
warning: LF will be replaced by CRLF in css/fonts/linea-basic-10.svg.
The file will have its original line endings in your working directory
warning: LF will be replaced by CRLF in css/icon-font-css.css.
The file will have its original line endings in your working directory
warning: LF will be replaced by CRLF in css/main.css.
The file will have its original line endings in your working directory
warning: LF will be replaced by CRLF in css/main.css.map.
The file will have its original line endings in your working directory
warning: LF will be replaced by CRLF in node_modules/.bin/atob.
The file will have its original line endings in your working directory
warning: LF will be replaced by CRLF in node_modules/.bin/atob.ps1.
The file will have its original line endings in your working directory
warning: LF will be replaced by CRLF in node_modules/.bin/live-server.
The file will have its original line endings in your working directory
warning: LF will be replaced by CRLF in node_modules/.bin/live-server.ps1.
The file will have its original line endings in your working directory
warning: LF will be replaced by CRLF in node_modules/.bin/mime.
The file will have its original line endings in your working directory
warning: LF will be replaced by CRLF in node_modules/.bin/mime.ps1.
The file will have its original line endings in your working directory
warning: LF will be replaced by CRLF in node_modules/.bin/mkdirp.
The file will have its original line endings in your working directory
warning: LF will be replaced by CRLF in node_modules/.bin/mkdirp.ps1.
The file will have its original line endings in your working directory
warning: LF will be replaced by CRLF in node_modules/.bin/node-gyp.
The file will have its original line endings in your working directory
warning: LF will be replaced by CRLF in node_modules/.bin/node-gyp.ps1.
The file will have its original line endings in your working directory
warning: LF will be replaced by CRLF in node_modules/.bin/node-sass.
The file will have its original line endings in your working directory
warning: LF will be replaced by CRLF in node_modules/.bin/node-sass.ps1.
The file will have its original line endings in your working directory
warning: LF will be replaced by CRLF in node_modules/.bin/node-which.
The file will have its original line endings in your working directory
warning: LF will be replaced by CRLF in node_modules/.bin/node-which.ps1.
The file will have its original line endings in your working directory
warning: LF will be replaced by CRLF in node_modules/.bin/nopt.
The file will have its original line endings in your working directory
warning: LF will be replaced by CRLF in node_modules/.bin/nopt.ps1.
The file will have its original line endings in your working directory
warning: LF will be replaced by CRLF in node_modules/.bin/rimraf.
The file will have its original line endings in your working directory
warning: LF will be replaced by CRLF in node_modules/.bin/rimraf.ps1.
The file will have its original line endings in your working directory
warning: LF will be replaced by CRLF in node_modules/.bin/sassgraph.
The file will have its original line endings in your working directory
warning: LF will be replaced by CRLF in node_modules/.bin/sassgraph.ps1.
The file will have its original line endings in your working directory
warning: LF will be replaced by CRLF in node_modules/.bin/semver.
The file will have its original line endings in your working directory
warning: LF will be replaced by CRLF in node_modules/.bin/semver.ps1.
The file will have its original line endings in your working directory
warning: LF will be replaced by CRLF in node_modules/.bin/sshpk-conv.
The file will have its original line endings in your working directory
warning: LF will be replaced by CRLF in node_modules/.bin/sshpk-conv.ps1.
The file will have its original line endings in your working directory
warning: LF will be replaced by CRLF in node_modules/.bin/sshpk-sign.
The file will have its original line endings in your working directory
warning: LF will be replaced by CRLF in node_modules/.bin/sshpk-sign.ps1.
The file will have its original line endings in your working directory
warning: LF will be replaced by CRLF in node_modules/.bin/sshpk-verify.
The file will have its original line endings in your working directory
warning: LF will be replaced by CRLF in node_modules/.bin/sshpk-verify.ps1.
The file will have its original line endings in your working directory
warning: LF will be replaced by CRLF in node_modules/.bin/strip-indent.
The file will have its original line endings in your working directory
warning: LF will be replaced by CRLF in node_modules/.bin/strip-indent.ps1.
The file will have its original line endings in your working directory
warning: LF will be replaced by CRLF in node_modules/.bin/uuid.
The file will have its original line endings in your working directory
warning: LF will be replaced by CRLF in node_modules/.bin/uuid.ps1.
The file will have its original line endings in your working directory
warning: LF will be replaced by CRLF in node_modules/abbrev/LICENSE.
The file will have its original line endings in your working directory
warning: LF will be replaced by CRLF in node_modules/abbrev/README.md.
The file will have its original line endings in your working directory
warning: LF will be replaced by CRLF in node_modules/abbrev/abbrev.js.
The file will have its original line endings in your working directory
warning: LF will be replaced by CRLF in node_modules/abbrev/package.json.
The file will have its original line endings in your working directory
warning: LF will be replaced by CRLF in node_modules/accepts/HISTORY.md.
The file will have its original line endings in your working directory
warning: LF will be replaced by CRLF in node_modules/accepts/LICENSE.
The file will have its original line endings in your working directory
warning: LF will be replaced by CRLF in node_modules/accepts/README.md.
The file will have its original line endings in your working directory
warning: LF will be replaced by CRLF in node_modules/accepts/index.js.
The file will have its original line endings in your working directory
warning: LF will be replaced by CRLF in node_modules/accepts/package.json.
The file will have its original line endings in your working directory
warning: LF will be replaced by CRLF in node_modules/ajv/.tonic_example.js.
The file will have its original line endings in your working directory
warning: LF will be replaced by CRLF in node_modules/ajv/LICENSE.
The file will have its original line endings in your working directory
warning: LF will be replaced by CRLF in node_modules/ajv/README.md.
The file will have its original line endings in your working directory
warning: LF will be replaced by CRLF in node_modules/ajv/dist/ajv.bundle.js.
The file will have its original line endings in your working directory
warning: LF will be replaced by CRLF in node_modules/ajv/dist/ajv.min.js.
The file will have its original line endings in your working directory
warning: LF will be replaced by CRLF in node_modules/ajv/lib/ajv.d.ts.
The file will have its original line endings in your working directory
warning: LF will be replaced by CRLF in node_modules/ajv/lib/ajv.js.
The file will have its original line endings in your working directory
warning: LF will be replaced by CRLF in node_modules/ajv/lib/cache.js.
The file will have its original line endings in your working directory
warning: LF will be replaced by CRLF in node_modules/ajv/lib/compile/async.js.
The file will have its original line endings in your working directory
warning: LF will be replaced by CRLF in node_modules/ajv/lib/compile/equal.js.
The file will have its original line endings in your working directory
warning: LF will be replaced by CRLF in node_modules/ajv/lib/compile/error_classes.js.
The file will have its original line endings in your working directory
warning: LF will be replaced by CRLF in node_modules/ajv/lib/compile/formats.js.
The file will have its original line endings in your working directory
warning: LF will be replaced by CRLF in node_modules/ajv/lib/compile/index.js.
The file will have its original line endings in your working directory
warning: LF will be replaced by CRLF in node_modules/ajv/lib/compile/resolve.js.
The file will have its original line endings in your working directory
warning: LF will be replaced by CRLF in node_modules/ajv/lib/compile/rules.js.
The file will have its original line endings in your working directory
warning: LF will be replaced by CRLF in node_modules/ajv/lib/compile/schema_obj.js.
The file will have its original line endings in your working directory
warning: LF will be replaced by CRLF in node_modules/ajv/lib/compile/ucs2length.js.
The file will have its original line endings in your working directory
warning: LF will be replaced by CRLF in node_modules/ajv/lib/compile/util.js.
The file will have its original line endings in your working directory
warning: LF will be replaced by CRLF in node_modules/ajv/lib/data.js.
The file will have its original line endings in your working directory
warning: LF will be replaced by CRLF in node_modules/ajv/lib/definition_schema.js.
The file will have its original line endings in your working directory
warning: LF will be replaced by CRLF in node_modules/ajv/lib/dot/_limit.jst.
The file will have its original line endings in your working directory
warning: LF will be replaced by CRLF in node_modules/ajv/lib/dot/_limitItems.jst.
The file will have its original line endings in your working directory
warning: LF will be replaced by CRLF in node_modules/ajv/lib/dot/_limitLength.jst.
The file will have its original line endings in your working directory
warning: LF will be replaced by CRLF in node_modules/ajv/lib/dot/_limitProperties.jst.
The file will have its original line endings in your working directory
warning: LF will be replaced by CRLF in node_modules/ajv/lib/dot/allOf.jst.
The file will have its original line endings in your working directory
warning: LF will be replaced by CRLF in node_modules/ajv/lib/dot/anyOf.jst.
The file will have its original line endings in your working directory
warning: LF will be replaced by CRLF in node_modules/ajv/lib/dot/coerce.def.
The file will have its original line endings in your working directory
warning: LF will be replaced by CRLF in node_modules/ajv/lib/dot/comment.jst.
The file will have its original line endings in your working directory
warning: LF will be replaced by CRLF in node_modules/ajv/lib/dot/const.jst.
The file will have its original line endings in your working directory
warning: LF will be replaced by CRLF in node_modules/ajv/lib/dot/contains.jst.
The file will have its original line endings in your working directory
warning: LF will be replaced by CRLF in node_modules/ajv/lib/dot/custom.jst.
The file will have its original line endings in your working directory
warning: LF will be replaced by CRLF in node_modules/ajv/lib/dot/defaults.def.
The file will have its original line endings in your working directory
warning: LF will be replaced by CRLF in node_modules/ajv/lib/dot/definitions.def.
The file will have its original line endings in your working directory
warning: LF will be replaced by CRLF in node_modules/ajv/lib/dot/dependencies.jst.
The file will have its original line endings in your working directory
warning: LF will be replaced by CRLF in node_modules/ajv/lib/dot/enum.jst.
The file will have its original line endings in your working directory
warning: LF will be replaced by CRLF in node_modules/ajv/lib/dot/errors.def.
The file will have its original line endings in your working directory
warning: LF will be replaced by CRLF in node_modules/ajv/lib/dot/format.jst.
The file will have its original line endings in your working directory
warning: LF will be replaced by CRLF in node_modules/ajv/lib/dot/if.jst.
The file will have its original line endings in your working directory
warning: LF will be replaced by CRLF in node_modules/ajv/lib/dot/items.jst.
The file will have its original line endings in your working directory
warning: LF will be replaced by CRLF in node_modules/ajv/lib/dot/missing.def.
The file will have its original line endings in your working directory
warning: LF will be replaced by CRLF in node_modules/ajv/lib/dot/multipleOf.jst.
The file will have its original line endings in your working directory
warning: LF will be replaced by CRLF in node_modules/ajv/lib/dot/not.jst.
The file will have its original line endings in your working directory
warning: LF will be replaced by CRLF in node_modules/ajv/lib/dot/oneOf.jst.
The file will have its original line endings in your working directory
warning: LF will be replaced by CRLF in node_modules/ajv/lib/dot/pattern.jst.
The file will have its original line endings in your working directory
warning: LF will be replaced by CRLF in node_modules/ajv/lib/dot/properties.jst.
The file will have its original line endings in your working directory
warning: LF will be replaced by CRLF in node_modules/ajv/lib/dot/propertyNames.jst.
The file will have its original line endings in your working directory
warning: LF will be replaced by CRLF in node_modules/ajv/lib/dot/ref.jst.
The file will have its original line endings in your working directory
warning: LF will be replaced by CRLF in node_modules/ajv/lib/dot/required.jst.
The file will have its original line endings in your working directory
warning: LF will be replaced by CRLF in node_modules/ajv/lib/dot/uniqueItems.jst.
The file will have its original line endings in your working directory

C:\Users\limistah\Desktop\TUNDE WORK>

C:\Users\limistah\Desktop\TUNDE WORK>

C:\Users\limistah\Desktop\TUNDE WORK>

C:\Users\limistah\Desktop\TUNDE WORK>code .
Access is denied.

C:\Users\limistah\Desktop\TUNDE WORK>git add .
warning: LF will be replaced by CRLF in css/fonts/linea-basic-10.svg.
The file will have its original line endings in your working directory
warning: LF will be replaced by CRLF in css/icon-font-css.css.
The file will have its original line endings in your working directory
warning: LF will be replaced by CRLF in css/main.css.
The file will have its original line endings in your working directory
warning: LF will be replaced by CRLF in css/main.css.map.
The file will have its original line endings in your working directory
warning: LF will be replaced by CRLF in package-lock.json.
The file will have its original line endings in your working directory
warning: LF will be replaced by CRLF in package.json.
The file will have its original line endings in your working directory

C:\Users\limistah\Desktop\TUNDE WORK>git commit -am "Stuffs"
Author identity unknown

*** Please tell me who you are.

Run

  git config --global user.email "you@example.com"
  git config --global user.name "Your Name"

to set your account's default identity.
Omit --global to set the identity only in this repository.

fatal: unable to auto-detect email address (got 'limistah@DESKTOP-PSGUAGS.(none)')

C:\Users\limistah\Desktop\TUNDE WORK>git config --global user.email "tundeloper@gmail.com"

C:\Users\limistah\Desktop\TUNDE WORK>

C:\Users\limistah\Desktop\TUNDE WORK>git config --global user.name "Babatunde Isiaka"

C:\Users\limistah\Desktop\TUNDE WORK>git push
fatal: The current branch main has no upstream branch.
To push the current branch and set the remote as upstream, use

    git push --set-upstream origin main


C:\Users\limistah\Desktop\TUNDE WORK>

C:\Users\limistah\Desktop\TUNDE WORK>

C:\Users\limistah\Desktop\TUNDE WORK>

C:\Users\limistah\Desktop\TUNDE WORK>git push --set-upstream origin main
error: src refspec main does not match any
error: failed to push some refs to 'https://github.com/tundeloper/Nature.git'

C:\Users\limistah\Desktop\TUNDE WORK>git branch -a

C:\Users\limistah\Desktop\TUNDE WORK>git add .

C:\Users\limistah\Desktop\TUNDE WORK>git status
On branch main

No commits yet

Changes to be committed:
  (use "git rm --cached <file>..." to unstage)
        new file:   .gitignore
        new file:   css/fonts/linea-basic-10.eot
        new file:   css/fonts/linea-basic-10.svg
        new file:   css/fonts/linea-basic-10.ttf
        new file:   css/fonts/linea-basic-10.woff
        new file:   css/icon-font-css.css
        new file:   css/main.css
        new file:   css/main.css.map
        new file:   css/style.css
        new file:   css/uncompiled.css
        new file:   images/Capture.PNG
        new file:   images/Capture1.PNG
        new file:   images/nat-1.PNG
        new file:   images/nat-2.PNG
        new file:   images/nat-3.PNG
        new file:   index.html
        new file:   package-lock.json
        new file:   package.json
        new file:   sass/abstract/_functions.scss
        new file:   sass/abstract/_mixngs.scss
        new file:   sass/abstract/_variables.scss
        new file:   sass/base/_animation.scss
        new file:   sass/base/_base.scss
        new file:   sass/base/_typography.scss
        new file:   sass/base/_utilities.scss
        new file:   sass/components/_compositon.scss
        new file:   sass/components/button.scss
        new file:   sass/layout/_grid.scss
        new file:   sass/layout/_header.scss
        new file:   sass/main.scss
        new file:   sass/pages/_home.scss


C:\Users\limistah\Desktop\TUNDE WORK>git checkout main
error: pathspec 'main' did not match any file(s) known to git

C:\Users\limistah\Desktop\TUNDE WORK>git checkout -b main
Switched to a new branch 'main'

C:\Users\limistah\Desktop\TUNDE WORK>git add .

C:\Users\limistah\Desktop\TUNDE WORK>git commit -am "Stuffs"
[main (root-commit) 7c92acd] Stuffs
 31 files changed, 4574 insertions(+)
 create mode 100644 .gitignore
 create mode 100644 css/fonts/linea-basic-10.eot
 create mode 100644 css/fonts/linea-basic-10.svg
 create mode 100644 css/fonts/linea-basic-10.ttf
 create mode 100644 css/fonts/linea-basic-10.woff
 create mode 100644 css/icon-font-css.css
 create mode 100644 css/main.css
 create mode 100644 css/main.css.map
 create mode 100644 css/style.css
 create mode 100644 css/uncompiled.css
 create mode 100644 images/Capture.PNG
 create mode 100644 images/Capture1.PNG
 create mode 100644 images/nat-1.PNG
 create mode 100644 images/nat-2.PNG
 create mode 100644 images/nat-3.PNG
 create mode 100644 index.html
 create mode 100644 package-lock.json
 create mode 100644 package.json
 create mode 100644 sass/abstract/_functions.scss
 create mode 100644 sass/abstract/_mixngs.scss
 create mode 100644 sass/abstract/_variables.scss
 create mode 100644 sass/base/_animation.scss
 create mode 100644 sass/base/_base.scss
 create mode 100644 sass/base/_typography.scss
 create mode 100644 sass/base/_utilities.scss
 create mode 100644 sass/components/_compositon.scss
 create mode 100644 sass/components/button.scss
 create mode 100644 sass/layout/_grid.scss
 create mode 100644 sass/layout/_header.scss
 create mode 100644 sass/main.scss
 create mode 100644 sass/pages/_home.scss

C:\Users\limistah\Desktop\TUNDE WORK>git push
fatal: The current branch main has no upstream branch.
To push the current branch and set the remote as upstream, use

    git push --set-upstream origin main


C:\Users\limistah\Desktop\TUNDE WORK>git push --set-upstream origin main
Username for 'https://github.com':
Password for 'https://github.com':
remote: No anonymous write access.
fatal: Authentication failed for 'https://github.com/tundeloper/Nature.git/'

C:\Users\limistah\Desktop\TUNDE WORK>ccs^Wgit push --set-upstream origin mainac    .. ss
'ccsgit' is not recognized as an internal or external command,
operable program or batch file.

C:\Users\limistah\Desktop\TUNDE WORK>live-server
Serving "C:\Users\limistah\Desktop\TUNDE WORK" at http://127.0.0.1:8080
GET /img/favicon.png 404 94.167 ms - 154
Ready for changes
Change detected C:\Users\limistah\Desktop\TUNDE WORK\sass\base\_typography.scss
CSS change detected C:\Users\limistah\Desktop\TUNDE WORK\css\main.css
Change detected C:\Users\limistah\Desktop\TUNDE WORK\css\main.css.map
GET /packages/index.html 404 10.977 ms - 158
Change detected C:\Users\limistah\Desktop\TUNDE WORK\sass\components\_feature-box.scss
Change detected C:\Users\limistah\Desktop\TUNDE WORK\sass\components\_feature-box.scss
CSS change detected C:\Users\limistah\Desktop\TUNDE WORK\css\main.css
Change detected C:\Users\limistah\Desktop\TUNDE WORK\css\main.css.map
Change detected C:\Users\limistah\Desktop\TUNDE WORK\sass\components\_feature-box.scss
Change detected C:\Users\limistah\Desktop\TUNDE WORK\sass\components\_feature-box.scss
CSS change detected C:\Users\limistah\Desktop\TUNDE WORK\css\main.css
Change detected C:\Users\limistah\Desktop\TUNDE WORK\css\main.css.map
Change detected C:\Users\limistah\Desktop\TUNDE WORK\sass\components\_feature-box.scss
CSS change detected C:\Users\limistah\Desktop\TUNDE WORK\css\main.css
Change detected C:\Users\limistah\Desktop\TUNDE WORK\css\main.css.map
Change detected C:\Users\limistah\Desktop\TUNDE WORK\css\main.css.map
Change detected C:\Users\limistah\Desktop\TUNDE WORK\sass\components\_feature-box.scss
CSS change detected C:\Users\limistah\Desktop\TUNDE WORK\css\main.css
Change detected C:\Users\limistah\Desktop\TUNDE WORK\css\main.css.map
Change detected C:\Users\limistah\Desktop\TUNDE WORK\sass\components\_feature-box.scss
Change detected C:\Users\limistah\Desktop\TUNDE WORK\sass\components\_feature-box.scss
CSS change detected C:\Users\limistah\Desktop\TUNDE WORK\css\main.css
Change detected C:\Users\limistah\Desktop\TUNDE WORK\css\main.css.map
CSS change detected C:\Users\limistah\Desktop\TUNDE WORK\css\main.css
Change detected C:\Users\limistah\Desktop\TUNDE WORK\sass\components\_feature-box.scss
Change detected C:\Users\limistah\Desktop\TUNDE WORK\css\main.css.map
CSS change detected C:\Users\limistah\Desktop\TUNDE WORK\css\main.css
Change detected C:\Users\limistah\Desktop\TUNDE WORK\css\main.css.map
CSS change detected C:\Users\limistah\Desktop\TUNDE WORK\css\main.css
Change detected C:\Users\limistah\Desktop\TUNDE WORK\sass\components\_feature-box.scss
CSS change detected C:\Users\limistah\Desktop\TUNDE WORK\css\main.css
Change detected C:\Users\limistah\Desktop\TUNDE WORK\css\main.css.map
Change detected C:\Users\limistah\Desktop\TUNDE WORK\sass\components\_feature-box.scss
CSS change detected C:\Users\limistah\Desktop\TUNDE WORK\css\main.css
Change detected C:\Users\limistah\Desktop\TUNDE WORK\css\main.css.map
Change detected C:\Users\limistah\Desktop\TUNDE WORK\sass\components\_feature-box.scss
Change detected C:\Users\limistah\Desktop\TUNDE WORK\sass\components\_feature-box.scss
CSS change detected C:\Users\limistah\Desktop\TUNDE WORK\css\main.css
Change detected C:\Users\limistah\Desktop\TUNDE WORK\css\main.css.map
Change detected C:\Users\limistah\Desktop\TUNDE WORK\sass\components\_feature-box.scss
CSS change detected C:\Users\limistah\Desktop\TUNDE WORK\css\main.css
Change detected C:\Users\limistah\Desktop\TUNDE WORK\css\main.css.map
Change detected C:\Users\limistah\Desktop\TUNDE WORK\sass\components\_feature-box.scss
Change detected C:\Users\limistah\Desktop\TUNDE WORK\sass\components\_feature-box.scss
CSS change detected C:\Users\limistah\Desktop\TUNDE WORK\css\main.css
Change detected C:\Users\limistah\Desktop\TUNDE WORK\css\main.css.map
CSS change detected C:\Users\limistah\Desktop\TUNDE WORK\css\main.css
Change detected C:\Users\limistah\Desktop\TUNDE WORK\sass\components\_feature-box.scss
CSS change detected C:\Users\limistah\Desktop\TUNDE WORK\css\main.css
Change detected C:\Users\limistah\Desktop\TUNDE WORK\css\main.css.map
Change detected C:\Users\limistah\Desktop\TUNDE WORK\sass\components\_feature-box.scss
CSS change detected C:\Users\limistah\Desktop\TUNDE WORK\css\main.css
Change detected C:\Users\limistah\Desktop\TUNDE WORK\css\main.css.map
Change detected C:\Users\limistah\Desktop\TUNDE WORK\sass\components\_feature-box.scss
Change detected C:\Users\limistah\Desktop\TUNDE WORK\sass\components\_feature-box.scss
Change detected C:\Users\limistah\Desktop\TUNDE WORK\sass\components\_feature-box.scss
Change detected C:\Users\limistah\Desktop\TUNDE WORK\sass\components\_feature-box.scss
Change detected C:\Users\limistah\Desktop\TUNDE WORK\sass\components\_feature-box.scss
Change detected C:\Users\limistah\Desktop\TUNDE WORK\css\main.css.map
CSS change detected C:\Users\limistah\Desktop\TUNDE WORK\css\main.css
Change detected C:\Users\limistah\Desktop\TUNDE WORK\index.html
Change detected C:\Users\limistah\Desktop\TUNDE WORK\sass\components\_feature-box.scss
CSS change detected C:\Users\limistah\Desktop\TUNDE WORK\css\main.css
Change detected C:\Users\limistah\Desktop\TUNDE WORK\css\main.css.map
Change detected C:\Users\limistah\Desktop\TUNDE WORK\sass\components\_feature-box.scss
CSS change detected C:\Users\limistah\Desktop\TUNDE WORK\css\main.css
Change detected C:\Users\limistah\Desktop\TUNDE WORK\css\main.css.map
Change detected C:\Users\limistah\Desktop\TUNDE WORK\index.html
Change detected C:\Users\limistah\Desktop\TUNDE WORK\sass\components\_feature-box.scss
Change detected C:\Users\limistah\Desktop\TUNDE WORK\css\main.css.map
CSS change detected C:\Users\limistah\Desktop\TUNDE WORK\css\main.css
Change detected C:\Users\limistah\Desktop\TUNDE WORK\sass\components\_feature-box.scss
Change detected C:\Users\limistah\Desktop\TUNDE WORK\css\main.css.map
CSS change detected C:\Users\limistah\Desktop\TUNDE WORK\css\main.css
Change detected C:\Users\limistah\Desktop\TUNDE WORK\index.html
Change detected C:\Users\limistah\Desktop\TUNDE WORK\index.html
Change detected C:\Users\limistah\Desktop\TUNDE WORK\index.html
Change detected C:\Users\limistah\Desktop\TUNDE WORK\index.html
Change detected C:\Users\limistah\Desktop\TUNDE WORK\index.html
Change detected C:\Users\limistah\Desktop\TUNDE WORK\index.html
Change detected C:\Users\limistah\Desktop\TUNDE WORK\index.html
Change detected C:\Users\limistah\Desktop\TUNDE WORK\index.html
Change detected C:\Users\limistah\Desktop\TUNDE WORK\index.html
Change detected C:\Users\limistah\Desktop\TUNDE WORK\index.html
Change detected C:\Users\limistah\Desktop\TUNDE WORK\index.html
Change detected C:\Users\limistah\Desktop\TUNDE WORK\sass\abstract\_variables.scss
Change detected C:\Users\limistah\Desktop\TUNDE WORK\css\main.css.map
CSS change detected C:\Users\limistah\Desktop\TUNDE WORK\css\main.css
Change detected C:\Users\limistah\Desktop\TUNDE WORK\index.html
Change detected C:\Users\limistah\Desktop\TUNDE WORK\sass\layout\_grid.scss
CSS change detected C:\Users\limistah\Desktop\TUNDE WORK\css\main.css
Change detected C:\Users\limistah\Desktop\TUNDE WORK\css\main.css.map
Change detected C:\Users\limistah\Desktop\TUNDE WORK\sass\layout\_grid.scss
CSS change detected C:\Users\limistah\Desktop\TUNDE WORK\css\main.css
Change detected C:\Users\limistah\Desktop\TUNDE WORK\css\main.css.map
CSS change detected C:\Users\limistah\Desktop\TUNDE WORK\css\main.css
Change detected C:\Users\limistah\Desktop\TUNDE WORK\css\main.css.map
Change detected C:\Users\limistah\Desktop\TUNDE WORK\sass\layout\_grid.scss
CSS change detected C:\Users\limistah\Desktop\TUNDE WORK\css\main.css
Change detected C:\Users\limistah\Desktop\TUNDE WORK\css\main.css.map
Change detected C:\Users\limistah\Desktop\TUNDE WORK\sass\layout\_grid.scss
CSS change detected C:\Users\limistah\Desktop\TUNDE WORK\css\main.css
Change detected C:\Users\limistah\Desktop\TUNDE WORK\css\main.css.map
Change detected C:\Users\limistah\Desktop\TUNDE WORK\index.html
Change detected C:\Users\limistah\Desktop\TUNDE WORK\sass\pages\_home.scss
CSS change detected C:\Users\limistah\Desktop\TUNDE WORK\css\main.css
Change detected C:\Users\limistah\Desktop\TUNDE WORK\css\main.css.map
CSS change detected C:\Users\limistah\Desktop\TUNDE WORK\css\main.css
Change detected C:\Users\limistah\Desktop\TUNDE WORK\sass\pages\_home.scss
CSS change detected C:\Users\limistah\Desktop\TUNDE WORK\css\main.css
Change detected C:\Users\limistah\Desktop\TUNDE WORK\css\main.css.map
Change detected C:\Users\limistah\Desktop\TUNDE WORK\sass\pages\_home.scss
CSS change detected C:\Users\limistah\Desktop\TUNDE WORK\css\main.css
Change detected C:\Users\limistah\Desktop\TUNDE WORK\css\main.css.map
Change detected C:\Users\limistah\Desktop\TUNDE WORK\sass\pages\_home.scss
CSS change detected C:\Users\limistah\Desktop\TUNDE WORK\css\main.css
Change detected C:\Users\limistah\Desktop\TUNDE WORK\css\main.css.map
Change detected C:\Users\limistah\Desktop\TUNDE WORK\sass\pages\_home.scss
CSS change detected C:\Users\limistah\Desktop\TUNDE WORK\css\main.css
Change detected C:\Users\limistah\Desktop\TUNDE WORK\css\main.css.map
Change detected C:\Users\limistah\Desktop\TUNDE WORK\sass\pages\_home.scss
CSS change detected C:\Users\limistah\Desktop\TUNDE WORK\css\main.css
Change detected C:\Users\limistah\Desktop\TUNDE WORK\css\main.css.map
Change detected C:\Users\limistah\Desktop\TUNDE WORK\sass\pages\_home.scss
CSS change detected C:\Users\limistah\Desktop\TUNDE WORK\css\main.css
Change detected C:\Users\limistah\Desktop\TUNDE WORK\css\main.css.map
CSS change detected C:\Users\limistah\Desktop\TUNDE WORK\css\main.css
Change detected C:\Users\limistah\Desktop\TUNDE WORK\css\main.css.map
Change detected C:\Users\limistah\Desktop\TUNDE WORK\sass\pages\_home.scss
CSS change detected C:\Users\limistah\Desktop\TUNDE WORK\css\main.css
Change detected C:\Users\limistah\Desktop\TUNDE WORK\css\main.css.map
CSS change detected C:\Users\limistah\Desktop\TUNDE WORK\css\main.css
Change detected C:\Users\limistah\Desktop\TUNDE WORK\index.html
Change detected C:\Users\limistah\Desktop\TUNDE WORK\sass\pages\_home.scss
CSS change detected C:\Users\limistah\Desktop\TUNDE WORK\css\main.css
Change detected C:\Users\limistah\Desktop\TUNDE WORK\css\main.css.map
Change detected C:\Users\limistah\Desktop\TUNDE WORK\sass\pages\_home.scss
Change detected C:\Users\limistah\Desktop\TUNDE WORK\sass\pages\_home.scss
CSS change detected C:\Users\limistah\Desktop\TUNDE WORK\css\main.css
Change detected C:\Users\limistah\Desktop\TUNDE WORK\css\main.css.map
Change detected C:\Users\limistah\Desktop\TUNDE WORK\sass\pages\_home.scss
CSS change detected C:\Users\limistah\Desktop\TUNDE WORK\css\main.css
Change detected C:\Users\limistah\Desktop\TUNDE WORK\css\main.css.map
Change detected C:\Users\limistah\Desktop\TUNDE WORK\sass\pages\_home.scss
Change detected C:\Users\limistah\Desktop\TUNDE WORK\sass\pages\_home.scss
CSS change detected C:\Users\limistah\Desktop\TUNDE WORK\css\main.css
Change detected C:\Users\limistah\Desktop\TUNDE WORK\css\main.css.map
Change detected C:\Users\limistah\Desktop\TUNDE WORK\index.html
Change detected C:\Users\limistah\Desktop\TUNDE WORK\index.html
Change detected C:\Users\limistah\Desktop\TUNDE WORK\index.html
Change detected C:\Users\limistah\Desktop\TUNDE WORK\sass\components\_feature-box.scss
CSS change detected C:\Users\limistah\Desktop\TUNDE WORK\css\main.css
Change detected C:\Users\limistah\Desktop\TUNDE WORK\index.html
Change detected C:\Users\limistah\Desktop\TUNDE WORK\sass\components\_feature-box.scss
Change detected C:\Users\limistah\Desktop\TUNDE WORK\css\main.css.map
CSS change detected C:\Users\limistah\Desktop\TUNDE WORK\css\main.css
C